Microchip Technology Inc, v1.33 (A)

Tool Name:
  e:\program files (x86)\microchip\xc16\v1.33\bin\bin\..\bin/elf-ld.exe

Command:
  -p24FJ64GA004 \
  -o \
  dist/default/production/PIC24_MPLAB.production.elf \
  -Le:/program files (x86)/microchip/xc16/v1.33/bin/bin/.. \
  -Le:/program files (x86)/microchip/xc16/v1.33/bin/bin/../../lib \
  -Le:/program files (x86)/microchip/xc16/v1.33/bin/bin/../../lib/PIC24E \
  -Le:/program files (x86)/microchip/xc16/v1.33/bin/bin/../../support/PIC24E/gld \
  -Le:/program files (x86)/microchip/xc16/v1.33/bin/bin/../../lib/PIC24F \
  -Le:/program files (x86)/microchip/xc16/v1.33/bin/bin/../../support/PIC24F/gld \
  -Le:/program files (x86)/microchip/xc16/v1.33/bin/bin/../../lib/PIC24H \
  -Le:/program files (x86)/microchip/xc16/v1.33/bin/bin/../../support/PIC24H/gld \
  -Le:/program files (x86)/microchip/xc16/v1.33/bin/bin/../../lib/dsPIC30F \
  -Le:/program files (x86)/microchip/xc16/v1.33/bin/bin/../../support/dsPIC30F/gld \
  -Le:/program files (x86)/microchip/xc16/v1.33/bin/bin/../../support/dsPIC33C/gld \
  -Le:/program files (x86)/microchip/xc16/v1.33/bin/bin/../../lib/dsPIC33E \
  -Le:/program files (x86)/microchip/xc16/v1.33/bin/bin/../../support/dsPIC33E/gld \
  -Le:/program files (x86)/microchip/xc16/v1.33/bin/bin/../../lib/dsPIC33F \
  -Le:/program files (x86)/microchip/xc16/v1.33/bin/bin/../../support/dsPIC33F/gld \
  build/default/production/_ext/897580706/heap_1.o \
  build/default/production/_ext/410575107/port.o \
  build/default/production/_ext/410575107/portasm_PIC24.o \
  build/default/production/_ext/1787047461/list.o \
  build/default/production/_ext/1787047461/queue.o \
  build/default/production/_ext/1787047461/tasks.o \
  build/default/production/_ext/1787047461/timers.o \
  build/default/production/_ext/1787047461/croutine.o \
  build/default/production/mcc_generated_files/interrupt_manager.o \
  build/default/production/mcc_generated_files/traps.o \
  build/default/production/mcc_generated_files/uart1.o \
  build/default/production/mcc_generated_files/mcc.o \
  build/default/production/mcc_generated_files/pin_manager.o \
  build/default/production/main.o \
  build/default/production/serial/serial.o \
  build/default/production/HM_AS-master/common/src/circular_buffer.o \
  build/default/production/HM_AS-master/hal/src/hal_uart.o \
  build/default/production/HM_AS-master/dll/src/dll.o \
  --defsym=__MPLAB_BUILD=1 \
  -Tp24FJ64GA004.gld.00 \
  --stack=16 \
  --check-sections \
  --data-init \
  --pack-data \
  --handles \
  --isr \
  --no-gc-sections \
  --fill-upper=0 \
  --stackguard=16 \
  --no-force-link \
  --smart-io \
  -Map=dist/default/production/PIC24_MPLAB.production.map \
  --report-mem \
  --memorysummary \
  dist/default/production/memoryfile.xml \
  -start-group \
  --library=pic30-elf \
  --library=m-elf \
  --library=c-elf \
  -end-group \

Archive member included because of file (symbol)

e:/program files (x86)/microchip/xc16/v1.33/bin/bin/../../lib\libpic30-elf.a(crt0_standard.o)
                              (__resetPRI)
e:/program files (x86)/microchip/xc16/v1.33/bin/bin/../../lib\libpic30-elf.a(data_init_standard.o)
                              e:/program files (x86)/microchip/xc16/v1.33/bin/bin/../../lib\libpic30-elf.a(crt0_standard.o) (__data_init_standard)
e:/program files (x86)/microchip/xc16/v1.33/bin/bin/../../lib\libpic30-elf.a(crt_start_mode_normal.eo)
                              (__crt_start_mode_normal)
e:/program files (x86)/microchip/xc16/v1.33/bin/bin/../../lib\libm-elf.a(addsf3.eo)
                              build/default/production/serial/serial.o (___subsf3)
e:/program files (x86)/microchip/xc16/v1.33/bin/bin/../../lib\libm-elf.a(divsf3.eo)
                              build/default/production/serial/serial.o (___divsf3)
e:/program files (x86)/microchip/xc16/v1.33/bin/bin/../../lib\libm-elf.a(fixunssfsi.eo)
                              build/default/production/serial/serial.o (___fixunssfsi)
e:/program files (x86)/microchip/xc16/v1.33/bin/bin/../../lib\libm-elf.a(floatunsisf.eo)
                              build/default/production/serial/serial.o (___floatunsisf)
e:/program files (x86)/microchip/xc16/v1.33/bin/bin/../../lib\libm-elf.a(fpack.eo)
                              e:/program files (x86)/microchip/xc16/v1.33/bin/bin/../../lib\libm-elf.a(addsf3.eo) (__fpack)
e:/program files (x86)/microchip/xc16/v1.33/bin/bin/../../lib\libm-elf.a(funpack.eo)
                              e:/program files (x86)/microchip/xc16/v1.33/bin/bin/../../lib\libm-elf.a(fixunssfsi.eo) (__funpack)
e:/program files (x86)/microchip/xc16/v1.33/bin/bin/../../lib\libm-elf.a(funpack2.eo)
                              e:/program files (x86)/microchip/xc16/v1.33/bin/bin/../../lib\libm-elf.a(addsf3.eo) (__funpack2)
e:/program files (x86)/microchip/xc16/v1.33/bin/bin/../../lib\libm-elf.a(futil.eo)
                              e:/program files (x86)/microchip/xc16/v1.33/bin/bin/../../lib\libm-elf.a(addsf3.eo) (__fPropagateNaN)
[...]
Memory Configuration

Name             Origin             Length             Attributes
data             0x000800           0x002000           a !xr
reset            0x000000           0x000004  
ivt              0x000004           0x0000fc  
_reserved        0x000100           0x000004  
aivt             0x000104           0x0000fc  
program          0x000200           0x00a9fc           xr
CONFIG2          0x00abfc           0x000002  
CONFIG1          0x00abfe           0x000002  
*default*        0x000000           0xffffffff  

Linker script and memory map

LOAD build/default/production/_ext/897580706/heap_1.o
LOAD build/default/production/_ext/410575107/port.o
LOAD build/default/production/_ext/410575107/portasm_PIC24.o
LOAD build/default/production/_ext/1787047461/list.o
LOAD build/default/production/_ext/1787047461/queue.o
LOAD build/default/production/_ext/1787047461/tasks.o
LOAD build/default/production/_ext/1787047461/timers.o
LOAD build/default/production/_ext/1787047461/croutine.o
LOAD build/default/production/mcc_generated_files/interrupt_manager.o
LOAD build/default/production/mcc_generated_files/traps.o
LOAD build/default/production/mcc_generated_files/uart1.o
LOAD build/default/production/mcc_generated_files/mcc.o
LOAD build/default/production/mcc_generated_files/pin_manager.o
LOAD build/default/production/main.o
LOAD build/default/production/serial/serial.o
LOAD build/default/production/HM_AS-master/common/src/circular_buffer.o
LOAD build/default/production/HM_AS-master/hal/src/hal_uart.o
LOAD build/default/production/HM_AS-master/dll/src/dll.o
                    0x0001                  __MPLAB_BUILD = 0x1
LOAD e:/program files (x86)/microchip/xc16/v1.33/bin/bin/../../lib/PIC24F\libpPIC24Fxxx-elf.a
LOAD e:/program files (x86)/microchip/xc16/v1.33/bin/bin/../../lib\libfx-elf.a
                    0xabfc                  __CONFIG2 = 0xabfc
                    0xabfe                  __CONFIG1 = 0xabfe
                    0x0001                  __NO_HANDLES = 0x1
                    0x0200                  __CODE_BASE = 0x200
                    0xa9fc                  __CODE_LENGTH = 0xa9fc
                    0x0004                  __IVT_BASE = 0x4
                    0x0104                  __AIVT_BASE = 0x104
                    0x0800                  __DATA_BASE = 0x800
                    0x2000                  __DATA_LENGTH = 0x2000

.reset            0x000000          0x4
                  0x000000          0x2 SHORT 0x200 ABSOLUTE (__reset)
                  0x000001          0x2 SHORT 0x4
                  0x000002          0x2 SHORT 0x0 ((ABSOLUTE (__reset) >> 0x10) & 0x7f)
                  0x000003          0x2 SHORT 0x0

.text             0x000200       0x124e
 *(.init)
 .init            0x000200         0x4c e:/program files (x86)/microchip/xc16/v1.33/bin/bin/../../lib\libpic30-elf.a(crt0_standard.o)
                  0x000200                  __resetPRI
                  0x000200                  __reset
                  0x00023c                  __psv_init
 .init            0x00024c         0x7c e:/program files (x86)/microchip/xc16/v1.33/bin/bin/../../lib\libpic30-elf.a(data_init_standard.o)
                  0x000252                  __data_init_standard
                  0x000252                  __data_init
 *(.user_init)
 *(.handle)
 *(.isr*)
 .isr.text._T1Interrupt
                  0x0002d4         0x30 build/default/production/_ext/410575107/port.o
                  0x0002d4                  __T1Interrupt
 .isr.text._OscillatorFail
                  0x000304          0x8 build/default/production/mcc_generated_files/traps.o
                  0x000304                  __OscillatorFail
 .isr.text._StackError
                  0x00030c          0xa build/default/production/mcc_generated_files/traps.o
                  0x00030c                  __StackError
 .isr.text._AddressError
                  0x000316          0x8 build/default/production/mcc_generated_files/traps.o
                  0x000316                  __AddressError
 .isr.text._MathError
                  0x00031e          0x8 build/default/production/mcc_generated_files/traps.o
                  0x00031e                  __MathError
 .isr.text._U2RXInterrupt
                  0x000326         0x50 build/default/production/serial/serial.o
                  0x000326                  __U2RXInterrupt
 .isr.text._U2TXInterrupt
                  0x000376         0x5c build/default/production/serial/serial.o
                  0x000376                  __U2TXInterrupt
 .isr             0x0003d2          0x4 default_isr
                  0x0003d2                  __DefaultInterrupt
 *(.libc)
 .libc            0x0003d6         0x14 e:/program files (x86)/microchip/xc16/v1.33/bin/bin/../../lib\libc-elf.a(isalpha.eso)
                  0x0003d6                  _isalpha
 .libc            0x0003ea         0x10 e:/program files (x86)/microchip/xc16/v1.33/bin/bin/../../lib\libc-elf.a(isspace.eso)
                  0x0003ea                  _isspace
 .libc            0x0003fa          0xc e:/program files (x86)/microchip/xc16/v1.33/bin/bin/../../lib\libc-elf.a(isupper.eso)
                  0x0003fa                  _isupper
 .libc            0x000406          0xe e:/program files (x86)/microchip/xc16/v1.33/bin/bin/../../lib\libc-elf.a(tolower.eso)
                  0x000406                  _tolower
 .libc            0x000414         0x90 e:/program files (x86)/microchip/xc16/v1.33/bin/bin/../../lib\libpic30-elf.a(read.eo)
                  0x000414                  _read
 *(.libm)
 *(.libdsp)
 *(.lib*)
 .libc.write      0x0004a4         0x42 build/default/production/mcc_generated_files/uart1.o
                  0x0004a4                  _write
 .libpic30_crt_start_mode
                  0x0004e6          0x2 e:/program files (x86)/microchip/xc16/v1.33/bin/bin/../../lib\libpic30-elf.a(crt_start_mode_normal.eo)
                  0x0004e6                  __crt_start_mode
                  0x0004e6                  __crt_start_mode_normal
 .libm.subsf3     0x0004e8         0xbc e:/program files (x86)/microchip/xc16/v1.33/bin/bin/../../lib\libm-elf.a(addsf3.eo)
                  0x0004e8                  ___subsf3
                  0x0004ea                  ___addsf3
 .libm.divfs3     0x0005a4         0x84 e:/program files (x86)/microchip/xc16/v1.33/bin/bin/../../lib\libm-elf.a(divsf3.eo)
                  0x0005a4                  ___divsf3
 .libm.fixunssfsi
                  0x000628         0x36 e:/program files (x86)/microchip/xc16/v1.33/bin/bin/../../lib\libm-elf.a(fixunssfsi.eo)
                  0x000628                  ___fixunssfsi
 .libm.floatunsisf
                  0x00065e          0x4 e:/program files (x86)/microchip/xc16/v1.33/bin/bin/../../lib\libm-elf.a(floatunsisf.eo)
                  0x00065e                  ___floatunsisf
 .libm.fpack      0x000662         0x4c e:/program files (x86)/microchip/xc16/v1.33/bin/bin/../../lib\libm-elf.a(fpack.eo)
                  0x000662                  __fpack
 .libm.funpack    0x0006ae         0x2a e:/program files (x86)/microchip/xc16/v1.33/bin/bin/../../lib\libm-elf.a(funpack.eo)
                  0x0006ae                  __funpack
 .libm.funpack2
                  0x0006d8         0x10 e:/program files (x86)/microchip/xc16/v1.33/bin/bin/../../lib\libm-elf.a(funpack2.eo)
                  0x0006d8                  __funpack2
 .libm.fPropagateNaN
                  0x0006e8         0x12 e:/program files (x86)/microchip/xc16/v1.33/bin/bin/../../lib\libm-elf.a(futil.eo)
                  0x0006e8                  __fPropagateNaN
 .libm.fbobExit
                  0x0006fa          0x8 e:/program files (x86)/microchip/xc16/v1.33/bin/bin/../../lib\libm-elf.a(futil.eo)
                  0x0006fa                  __fbopExit
 .libm.fbopReturnNaN
                  0x000702          0x6 e:/program files (x86)/microchip/xc16/v1.33/bin/bin/../../lib\libm-elf.a(futil.eo)
                  0x000702                  __fbopReturnNaN
 .libm.mulsf3     0x000708         0x68 e:/program files (x86)/microchip/xc16/v1.33/bin/bin/../../lib\libm-elf.a(mulsf3.eo)
                  0x000708                  ___mulsf3
 .libm.floatundisf
                  0x000770         0x5e e:/program files (x86)/microchip/xc16/v1.33/bin/bin/../../lib\libm-elf.a(floatundisf.eo)
                  0x000770                  ___floatundisf
 .libc.memcmp     0x0007ce         0x32 e:/program files (x86)/microchip/xc16/v1.33/bin/bin/../../lib\libc-elf.a(memcmp.eo)
                  0x0007ce                  _memcmp
 .libc.memcpy     0x000800          0xe e:/program files (x86)/microchip/xc16/v1.33/bin/bin/../../lib\libc-elf.a(memcpy.eo)
                  0x000800                  _memcpy
 .libc.memset     0x00080e          0xe e:/program files (x86)/microchip/xc16/v1.33/bin/bin/../../lib\libc-elf.a(memset.eo)
                  0x00080e                  _memset
 .libc.fputs      0x00081c         0x1c e:/program files (x86)/microchip/xc16/v1.33/bin/bin/../../lib\libc-elf.a(puts.eo)
                  0x00081c                  _fputs
 .libc.puts       0x000838         0x14 e:/program files (x86)/microchip/xc16/v1.33/bin/bin/../../lib\libc-elf.a(puts.eo)
                  0x000838                  _puts
 .libc._sprintf_cdnopuxX
                  0x00084c         0x2c e:/program files (x86)/microchip/xc16/v1.33/bin/bin/../../lib\libc-elf.a(sprintf_cdnopuxX.XXeo)
                  0x00084c                  __sprintf_cdnopuxX
 .libc.sputc      0x000878         0x12 e:/program files (x86)/microchip/xc16/v1.33/bin/bin/../../lib\libc-elf.a(doprnt_cdnopuxX.XXeo)
 .libc._vfprintf_cdnopuxX
                  0x00088a        0x54c e:/program files (x86)/microchip/xc16/v1.33/bin/bin/../../lib\libc-elf.a(doprnt_cdnopuxX.XXeo)
                  0x00088a                  __vfprintf_cdnopuxX
 .libc._sscanf_s
                  0x000dd6         0x1c e:/program files (x86)/microchip/xc16/v1.33/bin/bin/../../lib\libc-elf.a(sscanf_s.XXeo)
                  0x000dd6                  __sscanf_0
                  0x000dd6                  __sscanf_s
 .libc.wspace     0x000df2         0x1e e:/program files (x86)/microchip/xc16/v1.33/bin/bin/../../lib\libc-elf.a(doscan_s.XXeo)
 .libc.range      0x000e10         0x46 e:/program files (x86)/microchip/xc16/v1.33/bin/bin/../../lib\libc-elf.a(doscan_s.XXeo)
 .libc._vfscanf_s
                  0x000e56        0x2ee e:/program files (x86)/microchip/xc16/v1.33/bin/bin/../../lib\libc-elf.a(doscan_s.XXeo)
                  0x000e56                  __vfscanf_s
                  0x000e56                  __vfscanf_0
 .libc.atoi       0x001144         0x3e e:/program files (x86)/microchip/xc16/v1.33/bin/bin/../../lib\libc-elf.a(atoi.eo)
                  0x001144                  _atoi
 .libc.fgetc      0x001182         0x62 e:/program files (x86)/microchip/xc16/v1.33/bin/bin/../../lib\libc-elf.a(fgetc.eo)
                  0x001182                  _fgetc
 .libc._filbuf    0x0011e4         0x98 e:/program files (x86)/microchip/xc16/v1.33/bin/bin/../../lib\libc-elf.a(filbuf.eo)
                  0x0011e4                  __filbuf
 .libc.fputc      0x00127c         0x86 e:/program files (x86)/microchip/xc16/v1.33/bin/bin/../../lib\libc-elf.a(fputc.eo)
                  0x00127c                  _fputc
 .libc.strlen     0x001302          0xc e:/program files (x86)/microchip/xc16/v1.33/bin/bin/../../lib\libc-elf.a(strlen.eo)
                  0x001302                  _strlen
 .libc.ungetc     0x00130e         0x3e e:/program files (x86)/microchip/xc16/v1.33/bin/bin/../../lib\libc-elf.a(ungetc.eo)
                  0x00130e                  _ungetc
 .libc.fflush     0x00134c         0x54 e:/program files (x86)/microchip/xc16/v1.33/bin/bin/../../lib\libc-elf.a(fflush.eo)
                  0x00134c                  _fflush
 .libc._flsbuf    0x0013a0         0x7e e:/program files (x86)/microchip/xc16/v1.33/bin/bin/../../lib\libc-elf.a(flsbuf.eo)
                  0x0013a0                  __flsbuf
 .libc.doread     0x00141e          0x4 e:/program files (x86)/microchip/xc16/v1.33/bin/bin/../../lib\libpic30-elf.a(read.eo)
 .libm.udivsi3    0x001422         0x20 e:/program files (x86)/microchip/xc16/v1.33/bin/bin/../../lib\libm-elf.a(udivsi3.eo)
                  0x001422                  ___udivsi3
 .libm.mulsi3     0x001442          0xc e:/program files (x86)/microchip/xc16/v1.33/bin/bin/../../lib\libm-elf.a(mulsi3.eo)
                  0x001442                  ___mulp32peds3
                  0x001442                  ___mulsi3
                  0x001442                  ___mulp32eds3

usercode
 *(usercode)

__CONFIG2
 *(__CONFIG2.sec*)

__CONFIG1
 *(__CONFIG1.sec*)

.comment
 *(.comment)

.debug_info       0x000000       0x8732
 *(.debug_info)
 .debug_info      0x000000        0x2f8 build/default/production/_ext/897580706/heap_1.o
 .debug_info      0x0002f8        0xb54 build/default/production/_ext/410575107/port.o
 .debug_info      0x000e4c         0xf7 build/default/production/_ext/410575107/portasm_PIC24.o
 .debug_info      0x000f43        0x487 build/default/production/_ext/1787047461/list.o
 .debug_info      0x0013ca       0x126e build/default/production/_ext/1787047461/queue.o
 .debug_info      0x002638       0x1a06 build/default/production/_ext/1787047461/tasks.o
 .debug_info      0x00403e        0x190 build/default/production/_ext/1787047461/timers.o
 .debug_info      0x0041ce        0x95d build/default/production/_ext/1787047461/croutine.o
 .debug_info      0x004b2b        0x19b build/default/production/mcc_generated_files/interrupt_manager.o
 .debug_info      0x004cc6        0x3c7 build/default/production/mcc_generated_files/traps.o
 .debug_info      0x00508d        0x75d build/default/production/mcc_generated_files/uart1.o
 .debug_info      0x0057ea        0x217 build/default/production/mcc_generated_files/mcc.o
 .debug_info      0x005a01        0x634 build/default/production/mcc_generated_files/pin_manager.o
 .debug_info      0x006035        0x50b build/default/production/main.o
 .debug_info      0x006540        0xd66 build/default/production/serial/serial.o
 .debug_info      0x0072a6        0x47b build/default/production/HM_AS-master/common/src/circular_buffer.o
 .debug_info      0x007721        0x5b7 build/default/production/HM_AS-master/hal/src/hal_uart.o
 .debug_info      0x007cd8        0xa5a build/default/production/HM_AS-master/dll/src/dll.o
 *(.gnu.linkonce.wi.*)

.debug_abbrev     0x000000       0x147e
 *(.debug_abbrev)
 .debug_abbrev    0x000000         0xc8 build/default/production/_ext/897580706/heap_1.o
 .debug_abbrev    0x0000c8        0x1e3 build/default/production/_ext/410575107/port.o
 .debug_abbrev    0x0002ab         0x14 build/default/production/_ext/410575107/portasm_PIC24.o
 .debug_abbrev    0x0002bf         0xe1 build/default/production/_ext/1787047461/list.o
 .debug_abbrev    0x0003a0        0x1cb build/default/production/_ext/1787047461/queue.o
 .debug_abbrev    0x00056b        0x257 build/default/production/_ext/1787047461/tasks.o
 .debug_abbrev    0x0007c2         0x1f build/default/production/_ext/1787047461/timers.o
 .debug_abbrev    0x0007e1        0x207 build/default/production/_ext/1787047461/croutine.o
 .debug_abbrev    0x0009e8         0x34 build/default/production/mcc_generated_files/interrupt_manager.o
 .debug_abbrev    0x000a1c        0x100 build/default/production/mcc_generated_files/traps.o
 .debug_abbrev    0x000b1c        0x147 build/default/production/mcc_generated_files/uart1.o
 .debug_abbrev    0x000c63         0x59 build/default/production/mcc_generated_files/mcc.o
 .debug_abbrev    0x000cbc         0xd6 build/default/production/mcc_generated_files/pin_manager.o
 .debug_abbrev    0x000d92        0x162 build/default/production/main.o
 .debug_abbrev    0x000ef4        0x17b build/default/production/serial/serial.o
 .debug_abbrev    0x00106f         0xd9 build/default/production/HM_AS-master/common/src/circular_buffer.o
 .debug_abbrev    0x001148        0x19b build/default/production/HM_AS-master/hal/src/hal_uart.o
 .debug_abbrev    0x0012e3        0x19b build/default/production/HM_AS-master/dll/src/dll.o

.debug_line       0x000000       0x20cc
 *(.debug_line)
 .debug_line      0x000000         0xf3 build/default/production/_ext/897580706/heap_1.o
 .debug_line      0x0000f3        0x1d1 build/default/production/_ext/410575107/port.o
 .debug_line      0x0002c4         0x8a build/default/production/_ext/410575107/portasm_PIC24.o
 .debug_line      0x00034e        0x14e build/default/production/_ext/1787047461/list.o
 .debug_line      0x00049c        0x520 build/default/production/_ext/1787047461/queue.o
 .debug_line      0x0009bc        0x661 build/default/production/_ext/1787047461/tasks.o
 .debug_line      0x00101d         0x1a build/default/production/_ext/1787047461/timers.o
 .debug_line      0x001037        0x228 build/default/production/_ext/1787047461/croutine.o
 .debug_line      0x00125f         0x55 build/default/production/mcc_generated_files/interrupt_manager.o
 .debug_line      0x0012b4        0x15d build/default/production/mcc_generated_files/traps.o
 .debug_line      0x001411        0x155 build/default/production/mcc_generated_files/uart1.o
 .debug_line      0x001566        0x10c build/default/production/mcc_generated_files/mcc.o
 .debug_line      0x001672        0x10c build/default/production/mcc_generated_files/pin_manager.o
 .debug_line      0x00177e        0x1e0 build/default/production/main.o
 .debug_line      0x00195e        0x1f5 build/default/production/serial/serial.o
 .debug_line      0x001b53        0x195 build/default/production/HM_AS-master/common/src/circular_buffer.o
 .debug_line      0x001ce8        0x1b9 build/default/production/HM_AS-master/hal/src/hal_uart.o
 .debug_line      0x001ea1        0x22b build/default/production/HM_AS-master/dll/src/dll.o

.debug_frame      0x000000       0x10b4
 *(.debug_frame)
 .debug_frame     0x000000         0x84 build/default/production/_ext/897580706/heap_1.o
 .debug_frame     0x000084        0x100 build/default/production/_ext/410575107/port.o
 .debug_frame     0x000184         0xa0 build/default/production/_ext/1787047461/list.o
 .debug_frame     0x000224        0x2ec build/default/production/_ext/1787047461/queue.o
 .debug_frame     0x000510        0x482 build/default/production/_ext/1787047461/tasks.o
 .debug_frame     0x000992         0xd8 build/default/production/_ext/1787047461/croutine.o
 .debug_frame     0x000a6a         0x30 build/default/production/mcc_generated_files/interrupt_manager.o
 .debug_frame     0x000a9a         0x80 build/default/production/mcc_generated_files/traps.o
 .debug_frame     0x000b1a         0xa0 build/default/production/mcc_generated_files/uart1.o
 .debug_frame     0x000bba         0x4c build/default/production/mcc_generated_files/mcc.o
 .debug_frame     0x000c06         0x30 build/default/production/mcc_generated_files/pin_manager.o
 .debug_frame     0x000c36         0xa0 build/default/production/main.o
 .debug_frame     0x000cd6        0x10c build/default/production/serial/serial.o
 .debug_frame     0x000de2        0x110 build/default/production/HM_AS-master/common/src/circular_buffer.o
 .debug_frame     0x000ef2         0xa0 build/default/production/HM_AS-master/hal/src/hal_uart.o
 .debug_frame     0x000f92        0x122 build/default/production/HM_AS-master/dll/src/dll.o

.debug_str        0x000000        0x4d3
 *(.debug_str)
 .debug_str       0x000000         0x37 build/default/production/_ext/410575107/port.o
 .debug_str       0x000037         0x2b build/default/production/_ext/1787047461/list.o
 .debug_str       0x000062        0x129 build/default/production/_ext/1787047461/queue.o
 .debug_str       0x00018b        0x165 build/default/production/_ext/1787047461/tasks.o
 .debug_str       0x0002f0         0x50 build/default/production/_ext/1787047461/croutine.o
 .debug_str       0x000340          0xc build/default/production/mcc_generated_files/traps.o
 .debug_str       0x00034c         0x15 build/default/production/mcc_generated_files/uart1.o
 .debug_str       0x000361         0x16 build/default/production/mcc_generated_files/pin_manager.o
 .debug_str       0x000377         0x54 build/default/production/serial/serial.o
 .debug_str       0x0003cb          0xe build/default/production/HM_AS-master/common/src/circular_buffer.o
 .debug_str       0x0003d9         0x14 build/default/production/HM_AS-master/hal/src/hal_uart.o
 .debug_str       0x0003ed         0xe6 build/default/production/HM_AS-master/dll/src/dll.o

.debug_loc
 *(.debug_loc)

.debug_macinfo
 *(.debug_macinfo)

.debug_pubnames
                  0x000000        0xc88
 *(.debug_pubnames)
 .debug_pubnames
                  0x000000         0x64 build/default/production/_ext/897580706/heap_1.o
 .debug_pubnames
                  0x000064         0xd6 build/default/production/_ext/410575107/port.o
 .debug_pubnames
                  0x00013a         0x72 build/default/production/_ext/1787047461/list.o
 .debug_pubnames
                  0x0001ac        0x1ee build/default/production/_ext/1787047461/queue.o
 .debug_pubnames
                  0x00039a        0x31f build/default/production/_ext/1787047461/tasks.o
 .debug_pubnames
                  0x0006b9         0x96 build/default/production/_ext/1787047461/croutine.o
 .debug_pubnames
                  0x00074f         0x2b build/default/production/mcc_generated_files/interrupt_manager.o
 .debug_pubnames
                  0x00077a         0x6f build/default/production/mcc_generated_files/traps.o
 .debug_pubnames
                  0x0007e9         0x64 build/default/production/mcc_generated_files/uart1.o
 .debug_pubnames
                  0x00084d         0x42 build/default/production/mcc_generated_files/mcc.o
 .debug_pubnames
                  0x00088f         0x2d build/default/production/mcc_generated_files/pin_manager.o
 .debug_pubnames
                  0x0008bc         0x64 build/default/production/main.o
 .debug_pubnames
                  0x000920         0x8a build/default/production/serial/serial.o
 .debug_pubnames
                  0x0009aa         0xb9 build/default/production/HM_AS-master/common/src/circular_buffer.o
 .debug_pubnames
                  0x000a63         0x65 build/default/production/HM_AS-master/hal/src/hal_uart.o
 .debug_pubnames
                  0x000ac8        0x1c0 build/default/production/HM_AS-master/dll/src/dll.o

.debug_ranges
 *(.debug_ranges)

.debug_aranges    0x000000        0x5e0
 *(.debug_aranges)
 .debug_aranges
                  0x000000         0x38 build/default/production/_ext/897580706/heap_1.o
 .debug_aranges
                  0x000038         0x50 build/default/production/_ext/410575107/port.o
 .debug_aranges
                  0x000088         0x18 build/default/production/_ext/410575107/portasm_PIC24.o
 .debug_aranges
                  0x0000a0         0x40 build/default/production/_ext/1787047461/list.o
 .debug_aranges
                  0x0000e0         0xe8 build/default/production/_ext/1787047461/queue.o
 .debug_aranges
                  0x0001c8        0x158 build/default/production/_ext/1787047461/tasks.o
 .debug_aranges
                  0x000320         0x50 build/default/production/_ext/1787047461/croutine.o
 .debug_aranges
                  0x000370         0x20 build/default/production/mcc_generated_files/interrupt_manager.o
 .debug_aranges
                  0x000390         0x48 build/default/production/mcc_generated_files/traps.o
 .debug_aranges
                  0x0003d8         0x40 build/default/production/mcc_generated_files/uart1.o
 .debug_aranges
                  0x000418         0x28 build/default/production/mcc_generated_files/mcc.o
 .debug_aranges
                  0x000440         0x20 build/default/production/mcc_generated_files/pin_manager.o
 .debug_aranges
                  0x000460         0x40 build/default/production/main.o
 .debug_aranges
                  0x0004a0         0x48 build/default/production/serial/serial.o
 .debug_aranges
                  0x0004e8         0x60 build/default/production/HM_AS-master/common/src/circular_buffer.o
 .debug_aranges
                  0x000548         0x40 build/default/production/HM_AS-master/hal/src/hal_uart.o
 .debug_aranges
                  0x000588         0x58 build/default/production/HM_AS-master/dll/src/dll.o
                    0x0000                  WREG0 = 0x0
                    0x0000                  _WREG0 = 0x0
                    0x0002                  WREG1 = 0x2
                    0x0002                  _WREG1 = 0x2
                    0x0004                  WREG2 = 0x4
                    0x0004                  _WREG2 = 0x4
                    0x0006                  WREG3 = 0x6
                    0x0006                  _WREG3 = 0x6
                    0x0008                  WREG4 = 0x8
                    0x0008                  _WREG4 = 0x8
                    0x000a                  WREG5 = 0xa
                    0x000a                  _WREG5 = 0xa
                    0x000c                  WREG6 = 0xc
                    0x000c                  _WREG6 = 0xc
                    0x000e                  WREG7 = 0xe
                    0x000e                  _WREG7 = 0xe
                    0x0010                  WREG8 = 0x10
                    0x0010                  _WREG8 = 0x10
                    0x0012                  WREG9 = 0x12
                    0x0012                  _WREG9 = 0x12
                    0x0014                  WREG10 = 0x14
                    0x0014                  _WREG10 = 0x14
                    0x0016                  WREG11 = 0x16
                    0x0016                  _WREG11 = 0x16
                    0x0018                  WREG12 = 0x18
                    0x0018                  _WREG12 = 0x18
                    0x001a                  WREG13 = 0x1a
                    0x001a                  _WREG13 = 0x1a
                    0x001c                  WREG14 = 0x1c
                    0x001c                  _WREG14 = 0x1c
                    0x001e                  WREG15 = 0x1e
                    0x001e                  _WREG15 = 0x1e
                    0x0020                  SPLIM = 0x20
                    0x0020                  _SPLIM = 0x20
                    0x002e                  PCL = 0x2e
                    0x002e                  _PCL = 0x2e
                    0x0030                  PCH = 0x30
                    0x0030                  _PCH = 0x30
                    0x0032                  TBLPAG = 0x32
                    0x0032                  _TBLPAG = 0x32
                    0x0034                  PSVPAG = 0x34
                    0x0034                  _PSVPAG = 0x34
                    0x0036                  RCOUNT = 0x36
                    0x0036                  _RCOUNT = 0x36
                    0x0042                  SR = 0x42
                    0x0042                  _SR = 0x42
                    0x0042                  _SRbits = 0x42
                    0x0044                  CORCON = 0x44
                    0x0044                  _CORCON = 0x44
                    0x0044                  _CORCONbits = 0x44
                    0x0052                  DISICNT = 0x52
                    0x0052                  _DISICNT = 0x52
                    0x0060                  CNEN1 = 0x60
                    0x0060                  _CNEN1 = 0x60
                    0x0060                  _CNEN1bits = 0x60
                    0x0062                  CNEN2 = 0x62
                    0x0062                  _CNEN2 = 0x62
                    0x0062                  _CNEN2bits = 0x62
                    0x0068                  CNPU1 = 0x68
                    0x0068                  _CNPU1 = 0x68
                    0x0068                  _CNPU1bits = 0x68
                    0x006a                  CNPU2 = 0x6a
                    0x006a                  _CNPU2 = 0x6a
                    0x006a                  _CNPU2bits = 0x6a
                    0x0080                  INTCON1 = 0x80
                    0x0080                  _INTCON1 = 0x80
                    0x0080                  _INTCON1bits = 0x80
                    0x0082                  INTCON2 = 0x82
                    0x0082                  _INTCON2 = 0x82
                    0x0082                  _INTCON2bits = 0x82
                    0x0084                  IFS0 = 0x84
                    0x0084                  _IFS0 = 0x84
                    0x0084                  _IFS0bits = 0x84
                    0x0086                  IFS1 = 0x86
                    0x0086                  _IFS1 = 0x86
                    0x0086                  _IFS1bits = 0x86
                    0x0088                  IFS2 = 0x88
                    0x0088                  _IFS2 = 0x88
                    0x0088                  _IFS2bits = 0x88
                    0x008a                  IFS3 = 0x8a
                    0x008a                  _IFS3 = 0x8a
                    0x008a                  _IFS3bits = 0x8a
                    0x008c                  IFS4 = 0x8c
                    0x008c                  _IFS4 = 0x8c
                    0x008c                  _IFS4bits = 0x8c
                    0x0094                  IEC0 = 0x94
                    0x0094                  _IEC0 = 0x94
                    0x0094                  _IEC0bits = 0x94
                    0x0096                  IEC1 = 0x96
                    0x0096                  _IEC1 = 0x96
                    0x0096                  _IEC1bits = 0x96
                    0x0098                  IEC2 = 0x98
                    0x0098                  _IEC2 = 0x98
                    0x0098                  _IEC2bits = 0x98
                    0x009a                  IEC3 = 0x9a
                    0x009a                  _IEC3 = 0x9a
                    0x009a                  _IEC3bits = 0x9a
                    0x009c                  IEC4 = 0x9c
                    0x009c                  _IEC4 = 0x9c
                    0x009c                  _IEC4bits = 0x9c
                    0x00a4                  IPC0 = 0xa4
                    0x00a4                  _IPC0 = 0xa4
                    0x00a4                  _IPC0bits = 0xa4
                    0x00a6                  IPC1 = 0xa6
                    0x00a6                  _IPC1 = 0xa6
                    0x00a6                  _IPC1bits = 0xa6
                    0x00a8                  IPC2 = 0xa8
                    0x00a8                  _IPC2 = 0xa8
                    0x00a8                  _IPC2bits = 0xa8
                    0x00aa                  IPC3 = 0xaa
                    0x00aa                  _IPC3 = 0xaa
                    0x00aa                  _IPC3bits = 0xaa
                    0x00ac                  IPC4 = 0xac
                    0x00ac                  _IPC4 = 0xac
                    0x00ac                  _IPC4bits = 0xac
                    0x00ae                  IPC5 = 0xae
                    0x00ae                  _IPC5 = 0xae
                    0x00ae                  _IPC5bits = 0xae
                    0x00b0                  IPC6 = 0xb0
                    0x00b0                  _IPC6 = 0xb0
                    0x00b0                  _IPC6bits = 0xb0
                    0x00b2                  IPC7 = 0xb2
                    0x00b2                  _IPC7 = 0xb2
                    0x00b2                  _IPC7bits = 0xb2
                    0x00b4                  IPC8 = 0xb4
                    0x00b4                  _IPC8 = 0xb4
                    0x00b4                  _IPC8bits = 0xb4
                    0x00b6                  IPC9 = 0xb6
                    0x00b6                  _IPC9 = 0xb6
                    0x00b6                  _IPC9bits = 0xb6
                    0x00b8                  IPC10 = 0xb8
                    0x00b8                  _IPC10 = 0xb8
                    0x00b8                  _IPC10bits = 0xb8
                    0x00ba                  IPC11 = 0xba
                    0x00ba                  _IPC11 = 0xba
                    0x00ba                  _IPC11bits = 0xba
                    0x00bc                  IPC12 = 0xbc
                    0x00bc                  _IPC12 = 0xbc
                    0x00bc                  _IPC12bits = 0xbc
                    0x00c2                  IPC15 = 0xc2
                    0x00c2                  _IPC15 = 0xc2
                    0x00c2                  _IPC15bits = 0xc2
                    0x00c4                  IPC16 = 0xc4
                    0x00c4                  _IPC16 = 0xc4
                    0x00c4                  _IPC16bits = 0xc4
                    0x00c8                  IPC18 = 0xc8
                    0x00c8                  _IPC18 = 0xc8
                    0x00c8                  _IPC18bits = 0xc8
                    0x0100                  TMR1 = 0x100
                    0x0100                  _TMR1 = 0x100
                    0x0102                  PR1 = 0x102
                    0x0102                  _PR1 = 0x102
                    0x0104                  T1CON = 0x104
                    0x0104                  _T1CON = 0x104
                    0x0104                  _T1CONbits = 0x104
                    0x0106                  TMR2 = 0x106
                    0x0106                  _TMR2 = 0x106
                    0x0108                  TMR3HLD = 0x108
                    0x0108                  _TMR3HLD = 0x108
                    0x010a                  TMR3 = 0x10a
                    0x010a                  _TMR3 = 0x10a
                    0x010c                  PR2 = 0x10c
                    0x010c                  _PR2 = 0x10c
                    0x010e                  PR3 = 0x10e
                    0x010e                  _PR3 = 0x10e
                    0x0110                  T2CON = 0x110
                    0x0110                  _T2CON = 0x110
                    0x0110                  _T2CONbits = 0x110
                    0x0112                  T3CON = 0x112
                    0x0112                  _T3CON = 0x112
                    0x0112                  _T3CONbits = 0x112
                    0x0114                  TMR4 = 0x114
                    0x0114                  _TMR4 = 0x114
                    0x0116                  TMR5HLD = 0x116
                    0x0116                  _TMR5HLD = 0x116
                    0x0118                  TMR5 = 0x118
                    0x0118                  _TMR5 = 0x118
                    0x011a                  PR4 = 0x11a
                    0x011a                  _PR4 = 0x11a
                    0x011c                  PR5 = 0x11c
                    0x011c                  _PR5 = 0x11c
                    0x011e                  T4CON = 0x11e
                    0x011e                  _T4CON = 0x11e
                    0x011e                  _T4CONbits = 0x11e
                    0x0120                  T5CON = 0x120
                    0x0120                  _T5CON = 0x120
                    0x0120                  _T5CONbits = 0x120
                    0x0140                  IC1BUF = 0x140
                    0x0140                  _IC1BUF = 0x140
                    0x0142                  IC1CON = 0x142
                    0x0142                  _IC1CON = 0x142
                    0x0142                  _IC1CONbits = 0x142
                    0x0144                  IC2BUF = 0x144
                    0x0144                  _IC2BUF = 0x144
                    0x0146                  IC2CON = 0x146
                    0x0146                  _IC2CON = 0x146
                    0x0146                  _IC2CONbits = 0x146
                    0x0148                  IC3BUF = 0x148
                    0x0148                  _IC3BUF = 0x148
                    0x014a                  IC3CON = 0x14a
                    0x014a                  _IC3CON = 0x14a
                    0x014a                  _IC3CONbits = 0x14a
                    0x014c                  IC4BUF = 0x14c
                    0x014c                  _IC4BUF = 0x14c
                    0x014e                  IC4CON = 0x14e
                    0x014e                  _IC4CON = 0x14e
                    0x014e                  _IC4CONbits = 0x14e
                    0x0150                  IC5BUF = 0x150
                    0x0150                  _IC5BUF = 0x150
                    0x0152                  IC5CON = 0x152
                    0x0152                  _IC5CON = 0x152
                    0x0152                  _IC5CONbits = 0x152
                    0x0180                  OC1RS = 0x180
                    0x0180                  _OC1RS = 0x180
                    0x0182                  OC1R = 0x182
                    0x0182                  _OC1R = 0x182
                    0x0184                  OC1CON = 0x184
                    0x0184                  _OC1CON = 0x184
                    0x0184                  _OC1CONbits = 0x184
                    0x0186                  OC2RS = 0x186
                    0x0186                  _OC2RS = 0x186
                    0x0188                  OC2R = 0x188
                    0x0188                  _OC2R = 0x188
                    0x018a                  OC2CON = 0x18a
                    0x018a                  _OC2CON = 0x18a
                    0x018a                  _OC2CONbits = 0x18a
                    0x018c                  OC3RS = 0x18c
                    0x018c                  _OC3RS = 0x18c
                    0x018e                  OC3R = 0x18e
                    0x018e                  _OC3R = 0x18e
                    0x0190                  OC3CON = 0x190
                    0x0190                  _OC3CON = 0x190
                    0x0190                  _OC3CONbits = 0x190
                    0x0192                  OC4RS = 0x192
                    0x0192                  _OC4RS = 0x192
                    0x0194                  OC4R = 0x194
                    0x0194                  _OC4R = 0x194
                    0x0196                  OC4CON = 0x196
                    0x0196                  _OC4CON = 0x196
                    0x0196                  _OC4CONbits = 0x196
                    0x0198                  OC5RS = 0x198
                    0x0198                  _OC5RS = 0x198
                    0x019a                  OC5R = 0x19a
                    0x019a                  _OC5R = 0x19a
                    0x019c                  OC5CON = 0x19c
                    0x019c                  _OC5CON = 0x19c
                    0x019c                  _OC5CONbits = 0x19c
                    0x0200                  I2C1RCV = 0x200
                    0x0200                  _I2C1RCV = 0x200
                    0x0202                  I2C1TRN = 0x202
                    0x0202                  _I2C1TRN = 0x202
                    0x0204                  I2C1BRG = 0x204
                    0x0204                  _I2C1BRG = 0x204
                    0x0206                  I2C1CON = 0x206
                    0x0206                  _I2C1CON = 0x206
                    0x0206                  _I2C1CONbits = 0x206
                    0x0208                  I2C1STAT = 0x208
                    0x0208                  _I2C1STAT = 0x208
                    0x0208                  _I2C1STATbits = 0x208
                    0x020a                  I2C1ADD = 0x20a
                    0x020a                  _I2C1ADD = 0x20a
                    0x020c                  I2C1MSK = 0x20c
                    0x020c                  _I2C1MSK = 0x20c
                    0x0210                  I2C2RCV = 0x210
                    0x0210                  _I2C2RCV = 0x210
                    0x0212                  I2C2TRN = 0x212
                    0x0212                  _I2C2TRN = 0x212
                    0x0214                  I2C2BRG = 0x214
                    0x0214                  _I2C2BRG = 0x214
                    0x0216                  I2C2CON = 0x216
                    0x0216                  _I2C2CON = 0x216
                    0x0216                  _I2C2CONbits = 0x216
                    0x0218                  I2C2STAT = 0x218
                    0x0218                  _I2C2STAT = 0x218
                    0x0218                  _I2C2STATbits = 0x218
                    0x021a                  I2C2ADD = 0x21a
                    0x021a                  _I2C2ADD = 0x21a
                    0x021c                  I2C2MSK = 0x21c
                    0x021c                  _I2C2MSK = 0x21c
                    0x0220                  U1MODE = 0x220
                    0x0220                  _U1MODE = 0x220
                    0x0220                  _U1MODEbits = 0x220
                    0x0222                  U1STA = 0x222
                    0x0222                  _U1STA = 0x222
                    0x0222                  _U1STAbits = 0x222
                    0x0224                  U1TXREG = 0x224
                    0x0224                  _U1TXREG = 0x224
                    0x0226                  U1RXREG = 0x226
                    0x0226                  _U1RXREG = 0x226
                    0x0228                  U1BRG = 0x228
                    0x0228                  _U1BRG = 0x228
                    0x0230                  U2MODE = 0x230
                    0x0230                  _U2MODE = 0x230
                    0x0230                  _U2MODEbits = 0x230
                    0x0232                  U2STA = 0x232
                    0x0232                  _U2STA = 0x232
                    0x0232                  _U2STAbits = 0x232
                    0x0234                  U2TXREG = 0x234
                    0x0234                  _U2TXREG = 0x234
                    0x0236                  U2RXREG = 0x236
                    0x0236                  _U2RXREG = 0x236
                    0x0238                  U2BRG = 0x238
                    0x0238                  _U2BRG = 0x238
                    0x0240                  SPI1STAT = 0x240
                    0x0240                  _SPI1STAT = 0x240
                    0x0240                  _SPI1STATbits = 0x240
                    0x0242                  SPI1CON1 = 0x242
                    0x0242                  _SPI1CON1 = 0x242
                    0x0242                  _SPI1CON1bits = 0x242
                    0x0244                  SPI1CON2 = 0x244
                    0x0244                  _SPI1CON2 = 0x244
                    0x0244                  _SPI1CON2bits = 0x244
                    0x0248                  SPI1BUF = 0x248
                    0x0248                  _SPI1BUF = 0x248
                    0x0260                  SPI2STAT = 0x260
                    0x0260                  _SPI2STAT = 0x260
                    0x0260                  _SPI2STATbits = 0x260
                    0x0262                  SPI2CON1 = 0x262
                    0x0262                  _SPI2CON1 = 0x262
                    0x0262                  _SPI2CON1bits = 0x262
                    0x0264                  SPI2CON2 = 0x264
                    0x0264                  _SPI2CON2 = 0x264
                    0x0264                  _SPI2CON2bits = 0x264
                    0x0268                  SPI2BUF = 0x268
                    0x0268                  _SPI2BUF = 0x268
                    0x02c0                  TRISA = 0x2c0
                    0x02c0                  _TRISA = 0x2c0
                    0x02c0                  _TRISAbits = 0x2c0
                    0x02c2                  PORTA = 0x2c2
                    0x02c2                  _PORTA = 0x2c2
                    0x02c2                  _PORTAbits = 0x2c2
                    0x02c4                  LATA = 0x2c4
                    0x02c4                  _LATA = 0x2c4
                    0x02c4                  _LATAbits = 0x2c4
                    0x02c6                  ODCA = 0x2c6
                    0x02c6                  _ODCA = 0x2c6
                    0x02c6                  _ODCAbits = 0x2c6
                    0x02c8                  TRISB = 0x2c8
                    0x02c8                  _TRISB = 0x2c8
                    0x02c8                  _TRISBbits = 0x2c8
                    0x02ca                  PORTB = 0x2ca
                    0x02ca                  _PORTB = 0x2ca
                    0x02ca                  _PORTBbits = 0x2ca
                    0x02cc                  LATB = 0x2cc
                    0x02cc                  _LATB = 0x2cc
                    0x02cc                  _LATBbits = 0x2cc
                    0x02ce                  ODCB = 0x2ce
                    0x02ce                  _ODCB = 0x2ce
                    0x02ce                  _ODCBbits = 0x2ce
                    0x02d0                  TRISC = 0x2d0
                    0x02d0                  _TRISC = 0x2d0
                    0x02d0                  _TRISCbits = 0x2d0
                    0x02d2                  PORTC = 0x2d2
                    0x02d2                  _PORTC = 0x2d2
                    0x02d2                  _PORTCbits = 0x2d2
                    0x02d4                  LATC = 0x2d4
                    0x02d4                  _LATC = 0x2d4
                    0x02d4                  _LATCbits = 0x2d4
                    0x02d6                  ODCC = 0x2d6
                    0x02d6                  _ODCC = 0x2d6
                    0x02d6                  _ODCCbits = 0x2d6
                    0x02fc                  PADCFG1 = 0x2fc
                    0x02fc                  _PADCFG1 = 0x2fc
                    0x02fc                  _PADCFG1bits = 0x2fc
                    0x0300                  ADC1BUF0 = 0x300
                    0x0300                  _ADC1BUF0 = 0x300
                    0x0302                  ADC1BUF1 = 0x302
                    0x0302                  _ADC1BUF1 = 0x302
                    0x0304                  ADC1BUF2 = 0x304
                    0x0304                  _ADC1BUF2 = 0x304
                    0x0306                  ADC1BUF3 = 0x306
                    0x0306                  _ADC1BUF3 = 0x306
                    0x0308                  ADC1BUF4 = 0x308
                    0x0308                  _ADC1BUF4 = 0x308
                    0x030a                  ADC1BUF5 = 0x30a
                    0x030a                  _ADC1BUF5 = 0x30a
                    0x030c                  ADC1BUF6 = 0x30c
                    0x030c                  _ADC1BUF6 = 0x30c
                    0x030e                  ADC1BUF7 = 0x30e
                    0x030e                  _ADC1BUF7 = 0x30e
                    0x0310                  ADC1BUF8 = 0x310
                    0x0310                  _ADC1BUF8 = 0x310
                    0x0312                  ADC1BUF9 = 0x312
                    0x0312                  _ADC1BUF9 = 0x312
                    0x0314                  ADC1BUFA = 0x314
                    0x0314                  _ADC1BUFA = 0x314
                    0x0316                  ADC1BUFB = 0x316
                    0x0316                  _ADC1BUFB = 0x316
                    0x0318                  ADC1BUFC = 0x318
                    0x0318                  _ADC1BUFC = 0x318
                    0x031a                  ADC1BUFD = 0x31a
                    0x031a                  _ADC1BUFD = 0x31a
                    0x031c                  ADC1BUFE = 0x31c
                    0x031c                  _ADC1BUFE = 0x31c
                    0x031e                  ADC1BUFF = 0x31e
                    0x031e                  _ADC1BUFF = 0x31e
                    0x0320                  AD1CON1 = 0x320
                    0x0320                  _AD1CON1 = 0x320
                    0x0320                  _AD1CON1bits = 0x320
                    0x0322                  AD1CON2 = 0x322
                    0x0322                  _AD1CON2 = 0x322
                    0x0322                  _AD1CON2bits = 0x322
                    0x0324                  AD1CON3 = 0x324
                    0x0324                  _AD1CON3 = 0x324
                    0x0324                  _AD1CON3bits = 0x324
                    0x0328                  AD1CHS = 0x328
                    0x0328                  _AD1CHS = 0x328
                    0x0328                  _AD1CHSbits = 0x328
                    0x032c                  AD1PCFG = 0x32c
                    0x032c                  _AD1PCFG = 0x32c
                    0x032c                  _AD1PCFGbits = 0x32c
                    0x0330                  AD1CSSL = 0x330
                    0x0330                  _AD1CSSL = 0x330
                    0x0330                  _AD1CSSLbits = 0x330
                    0x0600                  PMCON = 0x600
                    0x0600                  _PMCON = 0x600
                    0x0600                  _PMCONbits = 0x600
                    0x0602                  PMMODE = 0x602
                    0x0602                  _PMMODE = 0x602
                    0x0602                  _PMMODEbits = 0x602
                    0x0604                  PMADDR = 0x604
                    0x0604                  _PMADDR = 0x604
                    0x0604                  _PMADDRbits = 0x604
                    0x0604                  PMDOUT1 = 0x604
                    0x0604                  _PMDOUT1 = 0x604
                    0x0604                  _PMDOUT1bits = 0x604
                    0x0606                  PMDOUT2 = 0x606
                    0x0606                  _PMDOUT2 = 0x606
                    0x0608                  PMDIN1 = 0x608
                    0x0608                  _PMDIN1 = 0x608
                    0x060a                  PMDIN2 = 0x60a
                    0x060a                  _PMDIN2 = 0x60a
                    0x060c                  PMAEN = 0x60c
                    0x060c                  _PMAEN = 0x60c
                    0x060c                  _PMAENbits = 0x60c
                    0x060e                  PMSTAT = 0x60e
                    0x060e                  _PMSTAT = 0x60e
                    0x060e                  _PMSTATbits = 0x60e
                    0x0620                  ALRMVAL = 0x620
                    0x0620                  _ALRMVAL = 0x620
                    0x0622                  ALCFGRPT = 0x622
                    0x0622                  _ALCFGRPT = 0x622
                    0x0622                  _ALCFGRPTbits = 0x622
                    0x0624                  RTCVAL = 0x624
                    0x0624                  _RTCVAL = 0x624
                    0x0626                  RCFGCAL = 0x626
                    0x0626                  _RCFGCAL = 0x626
                    0x0626                  _RCFGCALbits = 0x626
                    0x0630                  CMCON = 0x630
                    0x0630                  _CMCON = 0x630
                    0x0630                  _CMCONbits = 0x630
                    0x0632                  CVRCON = 0x632
                    0x0632                  _CVRCON = 0x632
                    0x0632                  _CVRCONbits = 0x632
                    0x0640                  CRCCON = 0x640
                    0x0640                  _CRCCON = 0x640
                    0x0640                  _CRCCONbits = 0x640
                    0x0642                  CRCXOR = 0x642
                    0x0642                  _CRCXOR = 0x642
                    0x0642                  _CRCXORbits = 0x642
                    0x0644                  CRCDAT = 0x644
                    0x0644                  _CRCDAT = 0x644
                    0x0646                  CRCWDAT = 0x646
                    0x0646                  _CRCWDAT = 0x646
                    0x0680                  RPINR0 = 0x680
                    0x0680                  _RPINR0 = 0x680
                    0x0680                  _RPINR0bits = 0x680
                    0x0682                  RPINR1 = 0x682
                    0x0682                  _RPINR1 = 0x682
                    0x0682                  _RPINR1bits = 0x682
                    0x0686                  RPINR3 = 0x686
                    0x0686                  _RPINR3 = 0x686
                    0x0686                  _RPINR3bits = 0x686
                    0x0688                  RPINR4 = 0x688
                    0x0688                  _RPINR4 = 0x688
                    0x0688                  _RPINR4bits = 0x688
                    0x068e                  RPINR7 = 0x68e
                    0x068e                  _RPINR7 = 0x68e
                    0x068e                  _RPINR7bits = 0x68e
                    0x0690                  RPINR8 = 0x690
                    0x0690                  _RPINR8 = 0x690
                    0x0690                  _RPINR8bits = 0x690
                    0x0692                  RPINR9 = 0x692
                    0x0692                  _RPINR9 = 0x692
                    0x0692                  _RPINR9bits = 0x692
                    0x0696                  RPINR11 = 0x696
                    0x0696                  _RPINR11 = 0x696
                    0x0696                  _RPINR11bits = 0x696
                    0x06a4                  RPINR18 = 0x6a4
                    0x06a4                  _RPINR18 = 0x6a4
                    0x06a4                  _RPINR18bits = 0x6a4
                    0x06a6                  RPINR19 = 0x6a6
                    0x06a6                  _RPINR19 = 0x6a6
                    0x06a6                  _RPINR19bits = 0x6a6
                    0x06a8                  RPINR20 = 0x6a8
                    0x06a8                  _RPINR20 = 0x6a8
                    0x06a8                  _RPINR20bits = 0x6a8
                    0x06aa                  RPINR21 = 0x6aa
                    0x06aa                  _RPINR21 = 0x6aa
                    0x06aa                  _RPINR21bits = 0x6aa
                    0x06ac                  RPINR22 = 0x6ac
                    0x06ac                  _RPINR22 = 0x6ac
                    0x06ac                  _RPINR22bits = 0x6ac
                    0x06ae                  RPINR23 = 0x6ae
                    0x06ae                  _RPINR23 = 0x6ae
                    0x06ae                  _RPINR23bits = 0x6ae
                    0x06c0                  RPOR0 = 0x6c0
                    0x06c0                  _RPOR0 = 0x6c0
                    0x06c0                  _RPOR0bits = 0x6c0
                    0x06c2                  RPOR1 = 0x6c2
                    0x06c2                  _RPOR1 = 0x6c2
                    0x06c2                  _RPOR1bits = 0x6c2
                    0x06c4                  RPOR2 = 0x6c4
                    0x06c4                  _RPOR2 = 0x6c4
                    0x06c4                  _RPOR2bits = 0x6c4
                    0x06c6                  RPOR3 = 0x6c6
                    0x06c6                  _RPOR3 = 0x6c6
                    0x06c6                  _RPOR3bits = 0x6c6
                    0x06c8                  RPOR4 = 0x6c8
                    0x06c8                  _RPOR4 = 0x6c8
                    0x06c8                  _RPOR4bits = 0x6c8
                    0x06ca                  RPOR5 = 0x6ca
                    0x06ca                  _RPOR5 = 0x6ca
                    0x06ca                  _RPOR5bits = 0x6ca
                    0x06cc                  RPOR6 = 0x6cc
                    0x06cc                  _RPOR6 = 0x6cc
                    0x06cc                  _RPOR6bits = 0x6cc
                    0x06ce                  RPOR7 = 0x6ce
                    0x06ce                  _RPOR7 = 0x6ce
                    0x06ce                  _RPOR7bits = 0x6ce
                    0x06d0                  RPOR8 = 0x6d0
                    0x06d0                  _RPOR8 = 0x6d0
                    0x06d0                  _RPOR8bits = 0x6d0
                    0x06d2                  RPOR9 = 0x6d2
                    0x06d2                  _RPOR9 = 0x6d2
                    0x06d2                  _RPOR9bits = 0x6d2
                    0x06d4                  RPOR10 = 0x6d4
                    0x06d4                  _RPOR10 = 0x6d4
                    0x06d4                  _RPOR10bits = 0x6d4
                    0x06d6                  RPOR11 = 0x6d6
                    0x06d6                  _RPOR11 = 0x6d6
                    0x06d6                  _RPOR11bits = 0x6d6
                    0x06d8                  RPOR12 = 0x6d8
                    0x06d8                  _RPOR12 = 0x6d8
                    0x06d8                  _RPOR12bits = 0x6d8
                    0x0740                  RCON = 0x740
                    0x0740                  _RCON = 0x740
                    0x0740                  _RCONbits = 0x740
                    0x0742                  OSCCON = 0x742
                    0x0742                  _OSCCON = 0x742
                    0x0742                  _OSCCONbits = 0x742
                    0x0742                  OSCCONL = 0x742
                    0x0742                  _OSCCONL = 0x742
                    0x0743                  OSCCONH = 0x743
                    0x0743                  _OSCCONH = 0x743
                    0x0744                  CLKDIV = 0x744
                    0x0744                  _CLKDIV = 0x744
                    0x0744                  _CLKDIVbits = 0x744
                    0x0748                  OSCTUN = 0x748
                    0x0748                  _OSCTUN = 0x748
                    0x0748                  _OSCTUNbits = 0x748
                    0x0760                  NVMCON = 0x760
                    0x0760                  _NVMCON = 0x760
                    0x0760                  _NVMCONbits = 0x760
                    0x0766                  NVMKEY = 0x766
                    0x0766                  _NVMKEY = 0x766
                    0x0770                  PMD1 = 0x770
                    0x0770                  _PMD1 = 0x770
                    0x0770                  _PMD1bits = 0x770
                    0x0772                  PMD2 = 0x772
                    0x0772                  _PMD2 = 0x772
                    0x0772                  _PMD2bits = 0x772
                    0x0774                  PMD3 = 0x774
                    0x0774                  _PMD3 = 0x774
                    0x0774                  _PMD3bits = 0x774
                    0x0140                  IC1 = 0x140
                    0x0140                  _IC1 = 0x140
                    0x0144                  IC2 = 0x144
                    0x0144                  _IC2 = 0x144
                    0x0148                  IC3 = 0x148
                    0x0148                  _IC3 = 0x148
                    0x014c                  IC4 = 0x14c
                    0x014c                  _IC4 = 0x14c
                    0x0150                  IC5 = 0x150
                    0x0150                  _IC5 = 0x150
                    0x0180                  OC1 = 0x180
                    0x0180                  _OC1 = 0x180
                    0x0186                  OC2 = 0x186
                    0x0186                  _OC2 = 0x186
                    0x018c                  OC3 = 0x18c
                    0x018c                  _OC3 = 0x18c
                    0x0192                  OC4 = 0x192
                    0x0192                  _OC4 = 0x192
                    0x0198                  OC5 = 0x198
                    0x0198                  _OC5 = 0x198
                    0x0240                  SPI1 = 0x240
                    0x0240                  _SPI1 = 0x240
                    0x0260                  SPI2 = 0x260
                    0x0260                  _SPI2 = 0x260
                    0x0220                  UART1 = 0x220
                    0x0220                  _UART1 = 0x220
                    0x0230                  UART2 = 0x230
                    0x0230                  _UART2 = 0x230
START GROUP
LOAD e:/program files (x86)/microchip/xc16/v1.33/bin/bin/../../lib\libpic30-elf.a
LOAD e:/program files (x86)/microchip/xc16/v1.33/bin/bin/../../lib\libm-elf.a
LOAD e:/program files (x86)/microchip/xc16/v1.33/bin/bin/../../lib\libc-elf.a
END GROUP
OUTPUT(dist/default/production/PIC24_MPLAB.production.elf elf32-pic30)
LOAD jump_table
LOAD default_isr
LOAD data_init

.debug_pubtypes
                  0x0005e0        0xa99
 .debug_pubtypes
                  0x0005e0         0x36 build/default/production/_ext/897580706/heap_1.o
 .debug_pubtypes
                  0x000616        0x118 build/default/production/_ext/410575107/port.o
 .debug_pubtypes
                  0x00072e         0x98 build/default/production/_ext/1787047461/list.o
 .debug_pubtypes
                  0x0007c6        0x13b build/default/production/_ext/1787047461/queue.o
 .debug_pubtypes
                  0x000901        0x1a4 build/default/production/_ext/1787047461/tasks.o
 .debug_pubtypes
                  0x000aa5         0x12 build/default/production/_ext/1787047461/timers.o
 .debug_pubtypes
                  0x000ab7        0x113 build/default/production/_ext/1787047461/croutine.o
 .debug_pubtypes
                  0x000bca         0x12 build/default/production/mcc_generated_files/interrupt_manager.o
 .debug_pubtypes
                  0x000bdc         0x4e build/default/production/mcc_generated_files/traps.o
 .debug_pubtypes
                  0x000c2a         0x7c build/default/production/mcc_generated_files/uart1.o
 .debug_pubtypes
                  0x000ca6         0x2b build/default/production/mcc_generated_files/mcc.o
 .debug_pubtypes
                  0x000cd1         0x61 build/default/production/mcc_generated_files/pin_manager.o
 .debug_pubtypes
                  0x000d32         0xaf build/default/production/main.o
 .debug_pubtypes
                  0x000de1        0x11e build/default/production/serial/serial.o
 .debug_pubtypes
                  0x000eff         0x46 build/default/production/HM_AS-master/common/src/circular_buffer.o
 .debug_pubtypes
                  0x000f45         0x72 build/default/production/HM_AS-master/hal/src/hal_uart.o
 .debug_pubtypes
                  0x000fb7         0xc2 build/default/production/HM_AS-master/dll/src/dll.o

__c30_signature
                  0x001079        0x12c
 __c30_signature
                  0x001079          0x6 build/default/production/_ext/897580706/heap_1.o
 __c30_signature
                  0x00107f          0x6 build/default/production/_ext/410575107/port.o
 __c30_signature
                  0x001085          0x6 build/default/production/_ext/1787047461/list.o
 __c30_signature
                  0x00108b          0x6 build/default/production/_ext/1787047461/queue.o
 __c30_signature
                  0x001091          0x6 build/default/production/_ext/1787047461/tasks.o
 __c30_signature
                  0x001097          0x6 build/default/production/_ext/1787047461/timers.o
 __c30_signature
                  0x00109d          0x6 build/default/production/_ext/1787047461/croutine.o
 __c30_signature
                  0x0010a3          0x6 build/default/production/mcc_generated_files/interrupt_manager.o
 __c30_signature
                  0x0010a9          0x6 build/default/production/mcc_generated_files/traps.o
 __c30_signature
                  0x0010af          0x6 build/default/production/mcc_generated_files/uart1.o
 __c30_signature
                  0x0010b5          0x6 build/default/production/mcc_generated_files/mcc.o
 __c30_signature
                  0x0010bb          0x6 build/default/production/mcc_generated_files/pin_manager.o
 __c30_signature
                  0x0010c1          0x6 build/default/production/main.o
 __c30_signature
                  0x0010c7          0x6 build/default/production/serial/serial.o
 __c30_signature
                  0x0010cd          0x6 build/default/production/HM_AS-master/common/src/circular_buffer.o
 __c30_signature
                  0x0010d3          0x6 build/default/production/HM_AS-master/hal/src/hal_uart.o
 __c30_signature
                  0x0010d9          0x6 build/default/production/HM_AS-master/dll/src/dll.o
 __c30_signature
                  0x0010df          0x6 e:/program files (x86)/microchip/xc16/v1.33/bin/bin/../../lib\libpic30-elf.a(crt0_standard.o)
 __c30_signature
                  0x0010e5          0x6 e:/program files (x86)/microchip/xc16/v1.33/bin/bin/../../lib\libpic30-elf.a(data_init_standard.o)
 __c30_signature
                  0x0010eb          0x6 e:/program files (x86)/microchip/xc16/v1.33/bin/bin/../../lib\libm-elf.a(addsf3.eo)
 __c30_signature
                  0x0010f1          0x6 e:/program files (x86)/microchip/xc16/v1.33/bin/bin/../../lib\libm-elf.a(divsf3.eo)
 __c30_signature
                  0x0010f7          0x6 e:/program files (x86)/microchip/xc16/v1.33/bin/bin/../../lib\libm-elf.a(fixunssfsi.eo)
 __c30_signature
                  0x0010fd          0x6 e:/program files (x86)/microchip/xc16/v1.33/bin/bin/../../lib\libm-elf.a(floatunsisf.eo)
 __c30_signature
                  0x001103          0x6 e:/program files (x86)/microchip/xc16/v1.33/bin/bin/../../lib\libm-elf.a(fpack.eo)
 __c30_signature
                  0x001109          0x6 e:/program files (x86)/microchip/xc16/v1.33/bin/bin/../../lib\libm-elf.a(funpack.eo)
 __c30_signature
                  0x00110f          0x6 e:/program files (x86)/microchip/xc16/v1.33/bin/bin/../../lib\libm-elf.a(funpack2.eo)
 __c30_signature
                  0x001115          0x6 e:/program files (x86)/microchip/xc16/v1.33/bin/bin/../../lib\libm-elf.a(futil.eo)
 __c30_signature
                  0x00111b          0x6 e:/program files (x86)/microchip/xc16/v1.33/bin/bin/../../lib\libm-elf.a(mulsf3.eo)
 __c30_signature
                  0x001121          0x6 e:/program files (x86)/microchip/xc16/v1.33/bin/bin/../../lib\libm-elf.a(floatundisf.eo)
 __c30_signature
                  0x001127          0x6 e:/program files (x86)/microchip/xc16/v1.33/bin/bin/../../lib\libc-elf.a(memcmp.eo)
 __c30_signature
                  0x00112d          0x6 e:/program files (x86)/microchip/xc16/v1.33/bin/bin/../../lib\libc-elf.a(memcpy.eo)
 __c30_signature
                  0x001133          0x6 e:/program files (x86)/microchip/xc16/v1.33/bin/bin/../../lib\libc-elf.a(memset.eo)
 __c30_signature
                  0x001139          0x6 e:/program files (x86)/microchip/xc16/v1.33/bin/bin/../../lib\libc-elf.a(puts.eo)
 __c30_signature
                  0x00113f          0x6 e:/program files (x86)/microchip/xc16/v1.33/bin/bin/../../lib\libc-elf.a(_iob.eo)
 __c30_signature
                  0x001145          0x6 e:/program files (x86)/microchip/xc16/v1.33/bin/bin/../../lib\libc-elf.a(sprintf_cdnopuxX.XXeo)
 __c30_signature
                  0x00114b          0x6 e:/program files (x86)/microchip/xc16/v1.33/bin/bin/../../lib\libc-elf.a(doprnt_cdnopuxX.XXeo)
 __c30_signature
                  0x001151          0x6 e:/program files (x86)/microchip/xc16/v1.33/bin/bin/../../lib\libc-elf.a(sscanf_s.XXeo)
 __c30_signature
                  0x001157          0x6 e:/program files (x86)/microchip/xc16/v1.33/bin/bin/../../lib\libc-elf.a(doscan_s.XXeo)
 __c30_signature
                  0x00115d          0x6 e:/program files (x86)/microchip/xc16/v1.33/bin/bin/../../lib\libc-elf.a(atoi.eo)
 __c30_signature
                  0x001163          0x6 e:/program files (x86)/microchip/xc16/v1.33/bin/bin/../../lib\libc-elf.a(fgetc.eo)
 __c30_signature
                  0x001169          0x6 e:/program files (x86)/microchip/xc16/v1.33/bin/bin/../../lib\libc-elf.a(filbuf.eo)
 __c30_signature
                  0x00116f          0x6 e:/program files (x86)/microchip/xc16/v1.33/bin/bin/../../lib\libc-elf.a(fputc.eo)
 __c30_signature
                  0x001175          0x6 e:/program files (x86)/microchip/xc16/v1.33/bin/bin/../../lib\libc-elf.a(strlen.eo)
 __c30_signature
                  0x00117b          0x6 e:/program files (x86)/microchip/xc16/v1.33/bin/bin/../../lib\libc-elf.a(ungetc.eo)
 __c30_signature
                  0x001181          0x6 e:/program files (x86)/microchip/xc16/v1.33/bin/bin/../../lib\libc-elf.a(fflush.eo)
 __c30_signature
                  0x001187          0x6 e:/program files (x86)/microchip/xc16/v1.33/bin/bin/../../lib\libc-elf.a(flsbuf.eo)
 __c30_signature
                  0x00118d          0x6 e:/program files (x86)/microchip/xc16/v1.33/bin/bin/../../lib\libpic30-elf.a(read.eo)
 __c30_signature
                  0x001193          0x6 e:/program files (x86)/microchip/xc16/v1.33/bin/bin/../../lib\libpic30-elf.a(c30_uart.eo)
 __c30_signature
                  0x001199          0x6 e:/program files (x86)/microchip/xc16/v1.33/bin/bin/../../lib\libm-elf.a(udivsi3.eo)
 __c30_signature
                  0x00119f          0x6 e:/program files (x86)/microchip/xc16/v1.33/bin/bin/../../lib\libm-elf.a(mulsi3.eo)

.nbss.xNextFreeByte
                    0x0800          0x2
 .nbss.xNextFreeByte
                    0x0800          0x2 build/default/production/_ext/897580706/heap_1.o

.nbss.pucAlignedHeap.4615
                    0x0802          0x2
 .nbss.pucAlignedHeap.4615
                    0x0802          0x2 build/default/production/_ext/897580706/heap_1.o

.ndata.uxCriticalNesting
                    0x0804          0x2
 .ndata.uxCriticalNesting
                    0x0804          0x2 build/default/production/_ext/410575107/port.o
                    0x0804                  _uxCriticalNesting

.nbss.pxCurrentTCB
                    0x0806          0x2
 .nbss.pxCurrentTCB
                    0x0806          0x2 build/default/production/_ext/1787047461/tasks.o
                    0x0806                  _pxCurrentTCB

.nbss.pxDelayedTaskList
                    0x0808          0x2
 .nbss.pxDelayedTaskList
                    0x0808          0x2 build/default/production/_ext/1787047461/tasks.o

.nbss.pxOverflowDelayedTaskList
                    0x080a          0x2
 .nbss.pxOverflowDelayedTaskList
                    0x080a          0x2 build/default/production/_ext/1787047461/tasks.o

.nbss.uxCurrentNumberOfTasks
                    0x080c          0x2
 .nbss.uxCurrentNumberOfTasks
                    0x080c          0x2 build/default/production/_ext/1787047461/tasks.o

.nbss.xTickCount
                    0x080e          0x2
 .nbss.xTickCount
                    0x080e          0x2 build/default/production/_ext/1787047461/tasks.o

.nbss.uxTopReadyPriority
                    0x0810          0x2
 .nbss.uxTopReadyPriority
                    0x0810          0x2 build/default/production/_ext/1787047461/tasks.o

.nbss.xSchedulerRunning
                    0x0812          0x2
 .nbss.xSchedulerRunning
                    0x0812          0x2 build/default/production/_ext/1787047461/tasks.o

.nbss.uxPendedTicks
                    0x0814          0x2
 .nbss.uxPendedTicks
                    0x0814          0x2 build/default/production/_ext/1787047461/tasks.o

.nbss.xYieldPending
                    0x0816          0x2
 .nbss.xYieldPending
                    0x0816          0x2 build/default/production/_ext/1787047461/tasks.o

.nbss.xNumOfOverflows
                    0x0818          0x2
 .nbss.xNumOfOverflows
                    0x0818          0x2 build/default/production/_ext/1787047461/tasks.o

.nbss.uxTaskNumber
                    0x081a          0x2
 .nbss.uxTaskNumber
                    0x081a          0x2 build/default/production/_ext/1787047461/tasks.o

.nbss.xNextTaskUnblockTime
                    0x081c          0x2
 .nbss.xNextTaskUnblockTime
                    0x081c          0x2 build/default/production/_ext/1787047461/tasks.o

.nbss.xIdleTaskHandle
                    0x081e          0x2
 .nbss.xIdleTaskHandle
                    0x081e          0x2 build/default/production/_ext/1787047461/tasks.o

.nbss.uxSchedulerSuspended
                    0x0820          0x2
 .nbss.uxSchedulerSuspended
                    0x0820          0x2 build/default/production/_ext/1787047461/tasks.o

.nbss.pxDelayedCoRoutineList
                    0x0822          0x2
 .nbss.pxDelayedCoRoutineList
                    0x0822          0x2 build/default/production/_ext/1787047461/croutine.o

.nbss.pxOverflowDelayedCoRoutineList
                    0x0824          0x2
 .nbss.pxOverflowDelayedCoRoutineList
                    0x0824          0x2 build/default/production/_ext/1787047461/croutine.o

.nbss.pxCurrentCoRoutine
                    0x0826          0x2
 .nbss.pxCurrentCoRoutine
                    0x0826          0x2 build/default/production/_ext/1787047461/croutine.o
                    0x0826                  _pxCurrentCoRoutine

.nbss.uxTopCoRoutineReadyPriority
                    0x0828          0x2
 .nbss.uxTopCoRoutineReadyPriority
                    0x0828          0x2 build/default/production/_ext/1787047461/croutine.o

.nbss.xCoRoutineTickCount
                    0x082a          0x2
 .nbss.xCoRoutineTickCount
                    0x082a          0x2 build/default/production/_ext/1787047461/croutine.o

.nbss.xLastTickCount
                    0x082c          0x2
 .nbss.xLastTickCount
                    0x082c          0x2 build/default/production/_ext/1787047461/croutine.o

.nbss.xPassedTicks
                    0x082e          0x2
 .nbss.xPassedTicks
                    0x082e          0x2 build/default/production/_ext/1787047461/croutine.o

.ndata.TRAPS_error_code
                    0x0830          0x2
 .ndata.TRAPS_error_code
                    0x0830          0x2 build/default/production/mcc_generated_files/traps.o

.nbss.xRxedChars
                    0x0832          0x2
 .nbss.xRxedChars
                    0x0832          0x2 build/default/production/serial/serial.o

.nbss.xCharsForTx
                    0x0834          0x2
 .nbss.xCharsForTx
                    0x0834          0x2 build/default/production/serial/serial.o

.nbss.xTxHasEnded
                    0x0836          0x2
 .nbss.xTxHasEnded
                    0x0836          0x2 build/default/production/serial/serial.o

.nbss.isrCounter
                    0x0838          0x2
 .nbss.isrCounter
                    0x0838          0x2 build/default/production/HM_AS-master/hal/src/hal_uart.o

.nbss.portPC        0x083a          0x2
 .nbss.portPC       0x083a          0x2 build/default/production/HM_AS-master/dll/src/dll.o
                    0x083a                  _portPC

.ndata.portCC2530
                    0x083c          0x2
 .ndata.portCC2530
                    0x083c          0x2 build/default/production/HM_AS-master/dll/src/dll.o
                    0x083c                  _portCC2530

.nbss.statePC       0x083e          0x2
 .nbss.statePC      0x083e          0x2 build/default/production/HM_AS-master/dll/src/dll.o
                    0x083e                  _statePC

.nbss.stateCC2530
                    0x0840          0x2
 .nbss.stateCC2530
                    0x0840          0x2 build/default/production/HM_AS-master/dll/src/dll.o
                    0x0840                  _stateCC2530

.nbss.emFlagPC      0x0842          0x2
 .nbss.emFlagPC
                    0x0842          0x2 build/default/production/HM_AS-master/dll/src/dll.o
                    0x0842                  _emFlagPC

.nbss.emFlagCC2530
                    0x0844          0x2
 .nbss.emFlagCC2530
                    0x0844          0x2 build/default/production/HM_AS-master/dll/src/dll.o
                    0x0844                  _emFlagCC2530

.nbss.rxBufferPCIndex
                    0x0846          0x2
 .nbss.rxBufferPCIndex
                    0x0846          0x2 build/default/production/HM_AS-master/dll/src/dll.o
                    0x0846                  _rxBufferPCIndex

.nbss.txBufferPCIndex
                    0x0848          0x2
 .nbss.txBufferPCIndex
                    0x0848          0x2 build/default/production/HM_AS-master/dll/src/dll.o
                    0x0848                  _txBufferPCIndex

.nbss.rxBufferCC2530Index
                    0x084a          0x2
 .nbss.rxBufferCC2530Index
                    0x084a          0x2 build/default/production/HM_AS-master/dll/src/dll.o
                    0x084a                  _rxBufferCC2530Index

.nbss.txBufferCC2530Index
                    0x084c          0x2
 .nbss.txBufferCC2530Index
                    0x084c          0x2 build/default/production/HM_AS-master/dll/src/dll.o
                    0x084c                  _txBufferCC2530Index

.nbss.tmpPC         0x084e          0x2
 .nbss.tmpPC        0x084e          0x2 build/default/production/HM_AS-master/dll/src/dll.o
                    0x084e                  _tmpPC

.nbss.tmpCC2530
                    0x0850          0x2
 .nbss.tmpCC2530
                    0x0850          0x2 build/default/production/HM_AS-master/dll/src/dll.o
                    0x0850                  _tmpCC2530

.nbss.callBack      0x0852          0x2
 .nbss.callBack
                    0x0852          0x2 build/default/production/HM_AS-master/dll/src/dll.o

.bss.ucHeap         0x0854       0x1400
 .bss.ucHeap        0x0854       0x1400 build/default/production/_ext/897580706/heap_1.o

.bss.uiTxBufferPC
                    0x1c54        0x100
 .bss.uiTxBufferPC
                    0x1c54        0x100 build/default/production/HM_AS-master/dll/src/dll.o
                    0x1c54                  _uiTxBufferPC

.bss.uiRxBufferPC
                    0x1d54        0x100
 .bss.uiRxBufferPC
                    0x1d54        0x100 build/default/production/HM_AS-master/dll/src/dll.o
                    0x1d54                  _uiRxBufferPC

.bss.uiTxBufferCC2530
                    0x1e54        0x100
 .bss.uiTxBufferCC2530
                    0x1e54        0x100 build/default/production/HM_AS-master/dll/src/dll.o
                    0x1e54                  _uiTxBufferCC2530

.bss.uiRxBufferCC2530
                    0x1f54        0x100
 .bss.uiRxBufferCC2530
                    0x1f54        0x100 build/default/production/HM_AS-master/dll/src/dll.o
                    0x1f54                  _uiRxBufferCC2530

.bss.rxBuffer0      0x2054         0x84
 .bss.rxBuffer0
                    0x2054         0x84 build/default/production/main.o
                    0x2054                  _rxBuffer0

.bss.rxBufferPC
                    0x20d8         0x84
 .bss.rxBufferPC
                    0x20d8         0x84 build/default/production/HM_AS-master/dll/src/dll.o
                    0x20d8                  _rxBufferPC

.bss.rxBufferCC2530
                    0x215c         0x84
 .bss.rxBufferCC2530
                    0x215c         0x84 build/default/production/HM_AS-master/dll/src/dll.o
                    0x215c                  _rxBufferCC2530

.bss.cTxBufferPC
                    0x21e0         0x84
 .bss.cTxBufferPC
                    0x21e0         0x84 build/default/production/HM_AS-master/dll/src/dll.o
                    0x21e0                  _cTxBufferPC

.bss.cTxBufferCC2530
                    0x2264         0x84
 .bss.cTxBufferCC2530
                    0x2264         0x84 build/default/production/HM_AS-master/dll/src/dll.o
                    0x2264                  _cTxBufferCC2530

.data               0x22e8         0x52
 .data              0x22e8         0x52 e:/program files (x86)/microchip/xc16/v1.33/bin/bin/../../lib\libc-elf.a(doprnt_cdnopuxX.XXeo)

.bss.pxReadyTasksLists
                    0x233a         0x28
 .bss.pxReadyTasksLists
                    0x233a         0x28 build/default/production/_ext/1787047461/tasks.o

.data               0x2362         0x26
 .data              0x2362         0x26 e:/program files (x86)/microchip/xc16/v1.33/bin/bin/../../lib\libc-elf.a(_iob.eo)
                    0x2362                  __iob
                    0x2386                  __Files

.bss.failsafe_stack.4180
                    0x2388         0x20
 .bss.failsafe_stack.4180
                    0x2388         0x20 build/default/production/mcc_generated_files/traps.o

.bss.pxReadyCoRoutineLists
                    0x23a8         0x14
 .bss.pxReadyCoRoutineLists
                    0x23a8         0x14 build/default/production/_ext/1787047461/croutine.o

.bss.xDelayedTaskList1
                    0x23bc          0xa
 .bss.xDelayedTaskList1
                    0x23bc          0xa build/default/production/_ext/1787047461/tasks.o

.bss.xDelayedTaskList2
                    0x23c6          0xa
 .bss.xDelayedTaskList2
                    0x23c6          0xa build/default/production/_ext/1787047461/tasks.o

.bss.xPendingReadyList
                    0x23d0          0xa
 .bss.xPendingReadyList
                    0x23d0          0xa build/default/production/_ext/1787047461/tasks.o

.bss.xSuspendedTaskList
                    0x23da          0xa
 .bss.xSuspendedTaskList
                    0x23da          0xa build/default/production/_ext/1787047461/tasks.o

.bss.xDelayedCoRoutineList1
                    0x23e4          0xa
 .bss.xDelayedCoRoutineList1
                    0x23e4          0xa build/default/production/_ext/1787047461/croutine.o

.bss.xDelayedCoRoutineList2
                    0x23ee          0xa
 .bss.xDelayedCoRoutineList2
                    0x23ee          0xa build/default/production/_ext/1787047461/croutine.o

.bss.xPendingReadyCoRoutineList
                    0x23f8          0xa
 .bss.xPendingReadyCoRoutineList
                    0x23f8          0xa build/default/production/_ext/1787047461/croutine.o

.bss.recPack        0x2402          0xa
 .bss.recPack       0x2402          0xa build/default/production/HM_AS-master/dll/src/dll.o
                    0x2402                  _recPack

.bss                0x240c          0x8
 .bss               0x240c          0x6 e:/program files (x86)/microchip/xc16/v1.33/bin/bin/../../lib\libc-elf.a(_iob.eo)
                    0x240c                  __outdone
                    0x240d                  __sibuf
                    0x240f                  __sobuf
 .bss               0x2412          0x2 e:/program files (x86)/microchip/xc16/v1.33/bin/bin/../../lib\libc-elf.a(doscan_s.XXeo)

.data               0x2414          0x2
 .data              0x2414          0x2 e:/program files (x86)/microchip/xc16/v1.33/bin/bin/../../lib\libpic30-elf.a(c30_uart.eo)
                    0x2414                  ___C30_UART

.ivt._T1Interrupt
                  0x00001a          0x2
 .ivt._T1Interrupt
                  0x00001a          0x2 build/default/production/_ext/410575107/port.o

.ivt._OscillatorFail
                  0x000006          0x2
 .ivt._OscillatorFail
                  0x000006          0x2 build/default/production/mcc_generated_files/traps.o

.ivt._StackError
                  0x00000a          0x2
 .ivt._StackError
                  0x00000a          0x2 build/default/production/mcc_generated_files/traps.o

.ivt._AddressError
                  0x000008          0x2
 .ivt._AddressError
                  0x000008          0x2 build/default/production/mcc_generated_files/traps.o

.ivt._MathError
                  0x00000c          0x2
 .ivt._MathError
                  0x00000c          0x2 build/default/production/mcc_generated_files/traps.o

.config_JTAGEN    0x00abfe          0x2
 .config_JTAGEN
                  0x00abfe          0x2 build/default/production/mcc_generated_files/mcc.o

.config_IESO      0x00abfc          0x2
 .config_IESO     0x00abfc          0x2 build/default/production/mcc_generated_files/mcc.o

.ivt._U2RXInterrupt
                  0x000050          0x2
 .ivt._U2RXInterrupt
                  0x000050          0x2 build/default/production/serial/serial.o

.ivt._U2TXInterrupt
                  0x000052          0x2
 .ivt._U2TXInterrupt
                  0x000052          0x2 build/default/production/serial/serial.o

.const              0x944e         0xb6 load address 0x00144e  
 .const             0x944e         0x8e build/default/production/HM_AS-master/dll/src/dll.o
 .const             0x94dc         0x22 build/default/production/main.o
 .const             0x94fe          0x6 build/default/production/_ext/1787047461/tasks.o

.const.C.6.5733
                    0x9504         0x20 load address 0x001504  
 .const.C.6.5733
                    0x9504         0x20 build/default/production/_ext/410575107/port.o

.const.ucExpectedStackBytes.4898
                    0x9524         0x14 load address 0x001524  
 .const.ucExpectedStackBytes.4898
                    0x9524         0x14 build/default/production/_ext/1787047461/tasks.o

.const.signalID
                    0x9538         0x12 load address 0x001538  
 .const.signalID
                    0x9538         0x12 build/default/production/HM_AS-master/dll/src/dll.o

.dinit            0x00154a        0x1f4
 .dinit           0x00154a        0x1f4 data_init

.text.communicationThread
                  0x00173e        0x132
 .text.communicationThread
                  0x00173e        0x132 build/default/production/HM_AS-master/dll/src/dll.o
                  0x00173e                  _communicationThread

.text.xTaskGenericNotifyFromISR
                  0x001870        0x108
 .text.xTaskGenericNotifyFromISR
                  0x001870        0x108 build/default/production/_ext/1787047461/tasks.o
                  0x001870                  _xTaskGenericNotifyFromISR

.text.xTaskGenericNotify
                  0x001978         0xe8
 .text.xTaskGenericNotify
                  0x001978         0xe8 build/default/production/_ext/1787047461/tasks.o
                  0x001978                  _xTaskGenericNotify

.text.xQueueGenericSend
                  0x001a60         0xde
 .text.xQueueGenericSend
                  0x001a60         0xde build/default/production/_ext/1787047461/queue.o
                  0x001a60                  _xQueueGenericSend

.text.xTaskIncrementTick
                  0x001b3e         0xde
 .text.xTaskIncrementTick
                  0x001b3e         0xde build/default/production/_ext/1787047461/tasks.o
                  0x001b3e                  _xTaskIncrementTick

.text.xQueuePeek
                  0x001c1c         0xdc
 .text.xQueuePeek
                  0x001c1c         0xdc build/default/production/_ext/1787047461/queue.o
                  0x001c1c                  _xQueuePeek

.text.xQueueCRReceive
                  0x001cf8         0xda
 .text.xQueueCRReceive
                  0x001cf8         0xda build/default/production/_ext/1787047461/queue.o
                  0x001cf8                  _xQueueCRReceive

.text.xQueueReceive
                  0x001dd2         0xd8
 .text.xQueueReceive
                  0x001dd2         0xd8 build/default/production/_ext/1787047461/queue.o
                  0x001dd2                  _xQueueReceive

.text.dllDataRequest
                  0x001eaa         0xd4
 .text.dllDataRequest
                  0x001eaa         0xd4 build/default/production/HM_AS-master/dll/src/dll.o
                  0x001eaa                  _dllDataRequest

.text.xQueueSemaphoreTake
                  0x001f7e         0xd0
 .text.xQueueSemaphoreTake
                  0x001f7e         0xd0 build/default/production/_ext/1787047461/queue.o
                  0x001f7e                  _xQueueSemaphoreTake

.text.vTaskPrioritySet
                  0x00204e         0xc8
 .text.vTaskPrioritySet
                  0x00204e         0xc8 build/default/production/_ext/1787047461/tasks.o
                  0x00204e                  _vTaskPrioritySet

.text.prvInitialiseNewTask
                  0x002116         0xc6
 .text.prvInitialiseNewTask
                  0x002116         0xc6 build/default/production/_ext/1787047461/tasks.o

.text.xTaskNotifyWait
                  0x0021dc         0xbc
 .text.xTaskNotifyWait
                  0x0021dc         0xbc build/default/production/_ext/1787047461/tasks.o
                  0x0021dc                  _xTaskNotifyWait

.text.xSerialPortInitMinimal
                  0x002298         0xb0
 .text.xSerialPortInitMinimal
                  0x002298         0xb0 build/default/production/serial/serial.o
                  0x002298                  _xSerialPortInitMinimal

.text.prvCheckDelayedList
                  0x002348         0xac
 .text.prvCheckDelayedList
                  0x002348         0xac build/default/production/_ext/1787047461/croutine.o

.text.xQueueCRSend
                  0x0023f4         0xaa
 .text.xQueueCRSend
                  0x0023f4         0xaa build/default/production/_ext/1787047461/queue.o
                  0x0023f4                  _xQueueCRSend

.text.xTaskResumeAll
                  0x00249e         0xaa
 .text.xTaskResumeAll
                  0x00249e         0xaa build/default/production/_ext/1787047461/tasks.o
                  0x00249e                  _xTaskResumeAll

.text.prvCopyDataToQueue
                  0x002548         0xa6
 .text.prvCopyDataToQueue
                  0x002548         0xa6 build/default/production/_ext/1787047461/queue.o

.text.processFrameRx
                  0x0025ee         0xa0
 .text.processFrameRx
                  0x0025ee         0xa0 build/default/production/HM_AS-master/dll/src/dll.o

.text.xCoRoutineCreate
                  0x00268e         0x96
 .text.xCoRoutineCreate
                  0x00268e         0x96 build/default/production/_ext/1787047461/croutine.o
                  0x00268e                  _xCoRoutineCreate

.text.pxPortInitialiseStack
                  0x002724         0x90
 .text.pxPortInitialiseStack
                  0x002724         0x90 build/default/production/_ext/410575107/port.o
                  0x002724                  _pxPortInitialiseStack

.text.vTaskNotifyGiveFromISR
                  0x0027b4         0x8a
 .text.vTaskNotifyGiveFromISR
                  0x0027b4         0x8a build/default/production/_ext/1787047461/tasks.o
                  0x0027b4                  _vTaskNotifyGiveFromISR

.text.xQueueGenericReset
                  0x00283e         0x88
 .text.xQueueGenericReset
                  0x00283e         0x88 build/default/production/_ext/1787047461/queue.o
                  0x00283e                  _xQueueGenericReset

.text.vTaskSwitchContext
                  0x0028c6         0x84
 .text.vTaskSwitchContext
                  0x0028c6         0x84 build/default/production/_ext/1787047461/tasks.o
                  0x0028c6                  _vTaskSwitchContext

.text.xQueueCRReceiveFromISR
                  0x00294a         0x80
 .text.xQueueCRReceiveFromISR
                  0x00294a         0x80 build/default/production/_ext/1787047461/queue.o
                  0x00294a                  _xQueueCRReceiveFromISR

.text.prvAddNewTaskToReadyList
                  0x0029ca         0x7c
 .text.prvAddNewTaskToReadyList
                  0x0029ca         0x7c build/default/production/_ext/1787047461/tasks.o

.text.vTaskDelayUntil
                  0x002a46         0x7c
 .text.vTaskDelayUntil
                  0x002a46         0x7c build/default/production/_ext/1787047461/tasks.o
                  0x002a46                  _vTaskDelayUntil

.text.xQueueGenericSendFromISR
                  0x002ac2         0x72
 .text.xQueueGenericSendFromISR
                  0x002ac2         0x72 build/default/production/_ext/1787047461/queue.o
                  0x002ac2                  _xQueueGenericSendFromISR

.text.vTaskSuspend
                  0x002b34         0x72
 .text.vTaskSuspend
                  0x002b34         0x72 build/default/production/_ext/1787047461/tasks.o
                  0x002b34                  _vTaskSuspend

.text.xQueueReceiveFromISR
                  0x002ba6         0x70
 .text.xQueueReceiveFromISR
                  0x002ba6         0x70 build/default/production/_ext/1787047461/queue.o
                  0x002ba6                  _xQueueReceiveFromISR

.text.prvUnlockQueue
                  0x002c16         0x70
 .text.prvUnlockQueue
                  0x002c16         0x70 build/default/production/_ext/1787047461/queue.o

.text.xTaskCheckForTimeOut
                  0x002c86         0x70
 .text.xTaskCheckForTimeOut
                  0x002c86         0x70 build/default/production/_ext/1787047461/tasks.o
                  0x002c86                  _xTaskCheckForTimeOut

.text.xTaskRemoveFromEventList
                  0x002cf6         0x6e
 .text.xTaskRemoveFromEventList
                  0x002cf6         0x6e build/default/production/_ext/1787047461/tasks.o
                  0x002cf6                  _xTaskRemoveFromEventList

.text.xQueueGiveFromISR
                  0x002d64         0x6c
 .text.xQueueGiveFromISR
                  0x002d64         0x6c build/default/production/_ext/1787047461/queue.o
                  0x002d64                  _xQueueGiveFromISR

.text.ulTaskNotifyTake
                  0x002dd0         0x6c
 .text.ulTaskNotifyTake
                  0x002dd0         0x6c build/default/production/_ext/1787047461/tasks.o
                  0x002dd0                  _ulTaskNotifyTake

.text.vCoRoutineSchedule
                  0x002e3c         0x6c
 .text.vCoRoutineSchedule
                  0x002e3c         0x6c build/default/production/_ext/1787047461/croutine.o
                  0x002e3c                  _vCoRoutineSchedule

.text.xTaskCreate
                  0x002ea8         0x6a
 .text.xTaskCreate
                  0x002ea8         0x6a build/default/production/_ext/1787047461/tasks.o
                  0x002ea8                  _xTaskCreate

.text.xTaskResumeFromISR
                  0x002f12         0x6a
 .text.xTaskResumeFromISR
                  0x002f12         0x6a build/default/production/_ext/1787047461/tasks.o
                  0x002f12                  _xTaskResumeFromISR

.text.vListInsert
                  0x002f7c         0x64
 .text.vListInsert
                  0x002f7c         0x64 build/default/production/_ext/1787047461/list.o
                  0x002f7c                  _vListInsert

.text.halUARTWrite
                  0x002fe0         0x62
 .text.halUARTWrite
                  0x002fe0         0x62 build/default/production/HM_AS-master/hal/src/hal_uart.o
                  0x002fe0                  _halUARTWrite

.text.vTaskResume
                  0x003042         0x5e
 .text.vTaskResume
                  0x003042         0x5e build/default/production/_ext/1787047461/tasks.o
                  0x003042                  _vTaskResume

.text.PIN_MANAGER_Initialize
                  0x0030a0         0x5e
 .text.PIN_MANAGER_Initialize
                  0x0030a0         0x5e build/default/production/mcc_generated_files/pin_manager.o